D:/Download/SDK_1.0.3_NUCLEO-F401RE/SDK_1.0.3_NUCLEO-F401RE/shared/Middle/sensor/temhumsensor.c:52:6:TemHumSensor_Init	8	static
D:/Download/SDK_1.0.3_NUCLEO-F401RE/SDK_1.0.3_NUCLEO-F401RE/shared/Middle/sensor/temhumsensor.c:88:6:TemHumSensor_SetAdcResolution	32	static
D:/Download/SDK_1.0.3_NUCLEO-F401RE/SDK_1.0.3_NUCLEO-F401RE/shared/Middle/sensor/temhumsensor.c:131:6:TemHumSensor_Reset	16	static
D:/Download/SDK_1.0.3_NUCLEO-F401RE/SDK_1.0.3_NUCLEO-F401RE/shared/Middle/sensor/temhumsensor.c:146:1:TemHumSensor_GetSerialNum	48	static
D:/Download/SDK_1.0.3_NUCLEO-F401RE/SDK_1.0.3_NUCLEO-F401RE/shared/Middle/sensor/temhumsensor.c:183:1:TemHumSensor_GetVerFW	24	static
D:/Download/SDK_1.0.3_NUCLEO-F401RE/SDK_1.0.3_NUCLEO-F401RE/shared/Middle/sensor/temhumsensor.c:200:1:TempSensor_SendPacketRespond	32	static
D:/Download/SDK_1.0.3_NUCLEO-F401RE/SDK_1.0.3_NUCLEO-F401RE/shared/Middle/sensor/temhumsensor.c:223:1:HumiSensor_SendPacketRespond	32	static
D:/Download/SDK_1.0.3_NUCLEO-F401RE/SDK_1.0.3_NUCLEO-F401RE/shared/Middle/sensor/temhumsensor.c:245:10:TemHumSensor_GetTemp	32	static
D:/Download/SDK_1.0.3_NUCLEO-F401RE/SDK_1.0.3_NUCLEO-F401RE/shared/Middle/sensor/temhumsensor.c:275:10:TemHumSensor_GetHumi	32	static
D:/Download/SDK_1.0.3_NUCLEO-F401RE/SDK_1.0.3_NUCLEO-F401RE/shared/Middle/sensor/temhumsensor.c:305:9:CalculateCRC8	24	static
D:/Download/SDK_1.0.3_NUCLEO-F401RE/SDK_1.0.3_NUCLEO-F401RE/shared/Middle/sensor/temhumsensor.c:330:6:i2c_config	32	static
D:/Download/SDK_1.0.3_NUCLEO-F401RE/SDK_1.0.3_NUCLEO-F401RE/shared/Middle/sensor/temhumsensor.c:371:6:i2c_write_no_reg	16	static
D:/Download/SDK_1.0.3_NUCLEO-F401RE/SDK_1.0.3_NUCLEO-F401RE/shared/Middle/sensor/temhumsensor.c:388:6:i2c_write_with_reg	16	static
D:/Download/SDK_1.0.3_NUCLEO-F401RE/SDK_1.0.3_NUCLEO-F401RE/shared/Middle/sensor/temhumsensor.c:407:6:i2c_write_multi_no_reg	24	static
D:/Download/SDK_1.0.3_NUCLEO-F401RE/SDK_1.0.3_NUCLEO-F401RE/shared/Middle/sensor/temhumsensor.c:431:6:i2c_write_multi_with_reg	24	static
D:/Download/SDK_1.0.3_NUCLEO-F401RE/SDK_1.0.3_NUCLEO-F401RE/shared/Middle/sensor/temhumsensor.c:453:6:i2c_read_no_reg	16	static
D:/Download/SDK_1.0.3_NUCLEO-F401RE/SDK_1.0.3_NUCLEO-F401RE/shared/Middle/sensor/temhumsensor.c:470:6:i2c_read_with_reg	16	static
D:/Download/SDK_1.0.3_NUCLEO-F401RE/SDK_1.0.3_NUCLEO-F401RE/shared/Middle/sensor/temhumsensor.c:491:6:i2c_read_multi_no_reg	32	static
D:/Download/SDK_1.0.3_NUCLEO-F401RE/SDK_1.0.3_NUCLEO-F401RE/shared/Middle/sensor/temhumsensor.c:521:6:i2c_read_multi_with_reg	32	static
D:/Download/SDK_1.0.3_NUCLEO-F401RE/SDK_1.0.3_NUCLEO-F401RE/shared/Middle/sensor/temhumsensor.c:552:1:i2c_read_reg_expand	40	static
D:/Download/SDK_1.0.3_NUCLEO-F401RE/SDK_1.0.3_NUCLEO-F401RE/shared/Middle/sensor/temhumsensor.c:598:6:i2c_start	8	static
D:/Download/SDK_1.0.3_NUCLEO-F401RE/SDK_1.0.3_NUCLEO-F401RE/shared/Middle/sensor/temhumsensor.c:619:6:i2c_stop	8	static
D:/Download/SDK_1.0.3_NUCLEO-F401RE/SDK_1.0.3_NUCLEO-F401RE/shared/Middle/sensor/temhumsensor.c:633:6:i2c_address_direction	16	static
D:/Download/SDK_1.0.3_NUCLEO-F401RE/SDK_1.0.3_NUCLEO-F401RE/shared/Middle/sensor/temhumsensor.c:657:6:i2c_transmit	16	static
D:/Download/SDK_1.0.3_NUCLEO-F401RE/SDK_1.0.3_NUCLEO-F401RE/shared/Middle/sensor/temhumsensor.c:674:9:i2c_receive_ack	8	static
D:/Download/SDK_1.0.3_NUCLEO-F401RE/SDK_1.0.3_NUCLEO-F401RE/shared/Middle/sensor/temhumsensor.c:693:9:i2c_receive_nack	8	static
