D:/Download/SDK_1.0.3_NUCLEO-F401RE/SDK_1.0.3_NUCLEO-F401RE/shared/Middle/led/led.c:55:1:LedControl_Init	8	static
D:/Download/SDK_1.0.3_NUCLEO-F401RE/SDK_1.0.3_NUCLEO-F401RE/shared/Middle/led/led.c:72:1:LedControl_SetColorIndividual	24	static
D:/Download/SDK_1.0.3_NUCLEO-F401RE/SDK_1.0.3_NUCLEO-F401RE/shared/Middle/led/led.c:146:1:LedControl_SetColorGeneral	16	static
D:/Download/SDK_1.0.3_NUCLEO-F401RE/SDK_1.0.3_NUCLEO-F401RE/shared/Middle/led/led.c:199:13:LedGetAllLastState	4	static
D:/Download/SDK_1.0.3_NUCLEO-F401RE/SDK_1.0.3_NUCLEO-F401RE/shared/Middle/led/led.c:210:13:LedToggle	24	static
D:/Download/SDK_1.0.3_NUCLEO-F401RE/SDK_1.0.3_NUCLEO-F401RE/shared/Middle/led/led.c:249:13:pFuncBlink	24	static
D:/Download/SDK_1.0.3_NUCLEO-F401RE/SDK_1.0.3_NUCLEO-F401RE/shared/Middle/led/led.c:293:13:BlinkStop	16	static
D:/Download/SDK_1.0.3_NUCLEO-F401RE/SDK_1.0.3_NUCLEO-F401RE/shared/Middle/led/led.c:335:1:LedControl_BlinkStart	32	static
D:/Download/SDK_1.0.3_NUCLEO-F401RE/SDK_1.0.3_NUCLEO-F401RE/shared/Middle/led/led.c:362:1:LedControl_SetAllColor	24	static
D:/Download/SDK_1.0.3_NUCLEO-F401RE/SDK_1.0.3_NUCLEO-F401RE/shared/Middle/led/led.c:380:1:LedControl_SendPacketRespond	32	static
D:/Download/SDK_1.0.3_NUCLEO-F401RE/SDK_1.0.3_NUCLEO-F401RE/shared/Middle/led/led.c:405:13:LEDGPIO_Config	16	static
D:/Download/SDK_1.0.3_NUCLEO-F401RE/SDK_1.0.3_NUCLEO-F401RE/shared/Middle/led/led.c:443:13:LEDTIM_Config	48	static
