../Src/main.c:100:5:main	8	static
../Src/main.c:118:13:AppInitCommon	16	static
../Src/main.c:143:13:AppStateManager	16	static
../Src/main.c:167:13:SetStateApp	16	static
../Src/main.c:173:20:GetStateApp	4	static
../Src/main.c:177:13:LoadConfiguration	16	static
../Src/main.c:187:6:DeviceStateMachine	24	static
../Src/main.c:339:6:alarm	8	static
../Src/main.c:352:6:intTime	8	static
../Src/main.c:366:6:intalarm	4	static
../Src/main.c:372:6:callUpdateTimeCyCle	16	static
../Src/main.c:381:6:displayUpdateTime	4	static
../Src/main.c:386:6:stopdisplayUpdateTime	4	static
../Src/main.c:390:13:updateTimeHandler	8	static
../Src/main.c:398:6:writeTime	24	static
../Src/main.c:422:6:writeLocate	24	static
../Src/main.c:427:6:writeLocateHandler	24	static
../Src/main.c:442:6:writeDate	16	static
../Src/main.c:521:6:alarmModeHandler	16	static
../Src/main.c:541:6:displayTimeHandler	8	static
../Src/main.c:545:6:changeLocate	16	static
../Src/main.c:554:6:clearTimeLCDHandler	16	static
