D:/Download/SDK_1.0.3_NUCLEO-F401RE/SDK_1.0.3_NUCLEO-F401RE/shared/Middle/ucglib/ucg_font.c:157:16:ucg_font_get_byte	16	static
D:/Download/SDK_1.0.3_NUCLEO-F401RE/SDK_1.0.3_NUCLEO-F401RE/shared/Middle/ucglib/ucg_font.c:164:17:ucg_font_get_word	24	static
D:/Download/SDK_1.0.3_NUCLEO-F401RE/SDK_1.0.3_NUCLEO-F401RE/shared/Middle/ucglib/ucg_font.c:177:6:ucg_read_font_info	16	static
D:/Download/SDK_1.0.3_NUCLEO-F401RE/SDK_1.0.3_NUCLEO-F401RE/shared/Middle/ucglib/ucg_font.c:253:9:ucg_font_GetCapitalAHeight	16	static
D:/Download/SDK_1.0.3_NUCLEO-F401RE/SDK_1.0.3_NUCLEO-F401RE/shared/Middle/ucglib/ucg_font.c:272:9:ucg_font_GetFontStartEncoding	24	static
D:/Download/SDK_1.0.3_NUCLEO-F401RE/SDK_1.0.3_NUCLEO-F401RE/shared/Middle/ucglib/ucg_font.c:279:9:ucg_font_GetFontEndEncoding	24	static
D:/Download/SDK_1.0.3_NUCLEO-F401RE/SDK_1.0.3_NUCLEO-F401RE/shared/Middle/ucglib/ucg_font.c:296:8:ucg_font_GetLowerGDescent	16	static
D:/Download/SDK_1.0.3_NUCLEO-F401RE/SDK_1.0.3_NUCLEO-F401RE/shared/Middle/ucglib/ucg_font.c:330:8:ucg_font_GetSize	24	static
D:/Download/SDK_1.0.3_NUCLEO-F401RE/SDK_1.0.3_NUCLEO-F401RE/shared/Middle/ucglib/ucg_font.c:349:9:ucg_GetFontBBXWidth	16	static
D:/Download/SDK_1.0.3_NUCLEO-F401RE/SDK_1.0.3_NUCLEO-F401RE/shared/Middle/ucglib/ucg_font.c:355:9:ucg_GetFontBBXHeight	16	static
D:/Download/SDK_1.0.3_NUCLEO-F401RE/SDK_1.0.3_NUCLEO-F401RE/shared/Middle/ucglib/ucg_font.c:362:8:u8g_GetFontBBXOffX	16	static
D:/Download/SDK_1.0.3_NUCLEO-F401RE/SDK_1.0.3_NUCLEO-F401RE/shared/Middle/ucglib/ucg_font.c:369:8:ucg_GetFontBBXOffY	16	static
D:/Download/SDK_1.0.3_NUCLEO-F401RE/SDK_1.0.3_NUCLEO-F401RE/shared/Middle/ucglib/ucg_font.c:376:9:ucg_GetFontCapitalAHeight	16	static
D:/Download/SDK_1.0.3_NUCLEO-F401RE/SDK_1.0.3_NUCLEO-F401RE/shared/Middle/ucglib/ucg_font.c:386:9:ucg_font_decode_get_unsigned_bits	24	static
D:/Download/SDK_1.0.3_NUCLEO-F401RE/SDK_1.0.3_NUCLEO-F401RE/shared/Middle/ucglib/ucg_font.c:431:8:ucg_font_decode_get_signed_bits	24	static
D:/Download/SDK_1.0.3_NUCLEO-F401RE/SDK_1.0.3_NUCLEO-F401RE/shared/Middle/ucglib/ucg_font.c:470:18:ucg_add_vector_y	16	static
D:/Download/SDK_1.0.3_NUCLEO-F401RE/SDK_1.0.3_NUCLEO-F401RE/shared/Middle/ucglib/ucg_font.c:491:18:ucg_add_vector_x	16	static
D:/Download/SDK_1.0.3_NUCLEO-F401RE/SDK_1.0.3_NUCLEO-F401RE/shared/Middle/ucglib/ucg_font.c:581:6:ucg_font_decode_len	48	static
D:/Download/SDK_1.0.3_NUCLEO-F401RE/SDK_1.0.3_NUCLEO-F401RE/shared/Middle/ucglib/ucg_font.c:651:13:ucg_font_setup_decode	24	static
D:/Download/SDK_1.0.3_NUCLEO-F401RE/SDK_1.0.3_NUCLEO-F401RE/shared/Middle/ucglib/ucg_font.c:680:8:ucg_font_decode_glyph	24	static
D:/Download/SDK_1.0.3_NUCLEO-F401RE/SDK_1.0.3_NUCLEO-F401RE/shared/Middle/ucglib/ucg_font.c:731:16:ucg_font_get_glyph_data	24	static
D:/Download/SDK_1.0.3_NUCLEO-F401RE/SDK_1.0.3_NUCLEO-F401RE/shared/Middle/ucglib/ucg_font.c:758:11:ucg_font_draw_glyph	32	static
D:/Download/SDK_1.0.3_NUCLEO-F401RE/SDK_1.0.3_NUCLEO-F401RE/shared/Middle/ucglib/ucg_font.c:775:9:ucg_IsGlyph	16	static
D:/Download/SDK_1.0.3_NUCLEO-F401RE/SDK_1.0.3_NUCLEO-F401RE/shared/Middle/ucglib/ucg_font.c:792:8:ucg_GetGlyphWidth	24	static
D:/Download/SDK_1.0.3_NUCLEO-F401RE/SDK_1.0.3_NUCLEO-F401RE/shared/Middle/ucglib/ucg_font.c:814:6:ucg_SetFontMode	16	static
D:/Download/SDK_1.0.3_NUCLEO-F401RE/SDK_1.0.3_NUCLEO-F401RE/shared/Middle/ucglib/ucg_font.c:819:11:ucg_DrawGlyph	32	static
D:/Download/SDK_1.0.3_NUCLEO-F401RE/SDK_1.0.3_NUCLEO-F401RE/shared/Middle/ucglib/ucg_font.c:841:6:task_drawString	32	static
D:/Download/SDK_1.0.3_NUCLEO-F401RE/SDK_1.0.3_NUCLEO-F401RE/shared/Middle/ucglib/ucg_font.c:907:11:ucg_DrawString	48	static
D:/Download/SDK_1.0.3_NUCLEO-F401RE/SDK_1.0.3_NUCLEO-F401RE/shared/Middle/ucglib/ucg_font.c:933:6:ucg_UpdateRefHeight	16	static
D:/Download/SDK_1.0.3_NUCLEO-F401RE/SDK_1.0.3_NUCLEO-F401RE/shared/Middle/ucglib/ucg_font.c:958:6:ucg_SetFontRefHeightText	16	static
D:/Download/SDK_1.0.3_NUCLEO-F401RE/SDK_1.0.3_NUCLEO-F401RE/shared/Middle/ucglib/ucg_font.c:964:6:ucg_SetFontRefHeightExtendedText	16	static
D:/Download/SDK_1.0.3_NUCLEO-F401RE/SDK_1.0.3_NUCLEO-F401RE/shared/Middle/ucglib/ucg_font.c:970:6:ucg_SetFontRefHeightAll	16	static
D:/Download/SDK_1.0.3_NUCLEO-F401RE/SDK_1.0.3_NUCLEO-F401RE/shared/Middle/ucglib/ucg_font.c:979:11:ucg_font_calc_vref_font	16	static
D:/Download/SDK_1.0.3_NUCLEO-F401RE/SDK_1.0.3_NUCLEO-F401RE/shared/Middle/ucglib/ucg_font.c:984:6:ucg_SetFontPosBaseline	16	static
D:/Download/SDK_1.0.3_NUCLEO-F401RE/SDK_1.0.3_NUCLEO-F401RE/shared/Middle/ucglib/ucg_font.c:990:11:ucg_font_calc_vref_bottom	16	static
D:/Download/SDK_1.0.3_NUCLEO-F401RE/SDK_1.0.3_NUCLEO-F401RE/shared/Middle/ucglib/ucg_font.c:995:6:ucg_SetFontPosBottom	16	static
D:/Download/SDK_1.0.3_NUCLEO-F401RE/SDK_1.0.3_NUCLEO-F401RE/shared/Middle/ucglib/ucg_font.c:1000:11:ucg_font_calc_vref_top	24	static
D:/Download/SDK_1.0.3_NUCLEO-F401RE/SDK_1.0.3_NUCLEO-F401RE/shared/Middle/ucglib/ucg_font.c:1009:6:ucg_SetFontPosTop	16	static
D:/Download/SDK_1.0.3_NUCLEO-F401RE/SDK_1.0.3_NUCLEO-F401RE/shared/Middle/ucglib/ucg_font.c:1014:11:ucg_font_calc_vref_center	24	static
D:/Download/SDK_1.0.3_NUCLEO-F401RE/SDK_1.0.3_NUCLEO-F401RE/shared/Middle/ucglib/ucg_font.c:1024:6:ucg_SetFontPosCenter	16	static
D:/Download/SDK_1.0.3_NUCLEO-F401RE/SDK_1.0.3_NUCLEO-F401RE/shared/Middle/ucglib/ucg_font.c:1031:6:ucg_SetFont	16	static
D:/Download/SDK_1.0.3_NUCLEO-F401RE/SDK_1.0.3_NUCLEO-F401RE/shared/Middle/ucglib/ucg_font.c:1047:11:ucg_GetStrWidth	24	static
